30|null|15.0
29|sssssssssssssssssssssssssssss|14.5
28|ssssssssssssssssssssssssssss|null
27|sssssssssssssssssssssssssss|13.5
26|ssssssssssssssssssssssssss|13.0
25|null|12.5
24|ssssssssssssssssssssssss|12.0
23|sssssssssssssssssssssss|11.5
22|ssssssssssssssssssssss|11.0
21|sssssssssssssssssssss|null
20|null|10.0
19|sssssssssssssssssss|9.5
18|ssssssssssssssssss|9.0
17|sssssssssssssssss|8.5
16|ssssssssssssssss|8.0
15|null|7.5
14|ssssssssssssss|null
13|sssssssssssss|6.5
12|ssssssssssss|6.0
11|sssssssssss|5.5
10|null|5.0
9|sssssssss|4.5
8|ssssssss|4.0
7|sssssss|null
6|ssssss|3.0
5|null|2.5
4|ssss|2.0
3|sss|1.5
2|ss|1.0
1|s|0.5
abs3=3|sss
rel-2=1|s
last=30|15.0
first=1|0.5
